// Jest Snapshot v1, https://goo.gl/fbAQLP

exports[`CountryDropdowns renders correctly 1`] = `
.c0 {
  display: -webkit-box;
  display: -webkit-flex;
  display: -ms-flexbox;
  display: flex;
  padding: 10px 5px;
  -webkit-box-pack: justify;
  -webkit-justify-content: space-between;
  -ms-flex-pack: justify;
  justify-content: space-between;
  width: 100%;
}

<div>
  <div
    class="c0"
  >
    <select
      data-testid="select"
    >
      <option
        value="[object Object]"
      >
        Afghanistan
      </option>
      <option
        value="[object Object]"
      >
        Albania
      </option>
    </select>
    <select
      data-testid="select"
    >
      <option
        value="[object Object]"
      >
        Afghanistan
      </option>
      <option
        value="[object Object]"
      >
        Albania
      </option>
    </select>
  </div>
</div>
`;
